Microchip MPLAB XC8 Compiler V2.46

Linker command line:

-W-3 \
  --edf=C:\Program Files\Microchip\xc8\v2.46\pic\dat\20240104201356_en.msgs \
  -cn -h+dist/default/production\VotingMachine.X.production.sym \
  --cmf=dist/default/production\VotingMachine.X.production.cmf -z -Q18F4620 \
  -oC:\Users\OMARFA~1\AppData\Local\Temp\xcAsqs.\driver_tmp_3.o \
  --defsym=__MPLAB_BUILD=1 --fixupoverflow=error \
  -Mdist/default/production/VotingMachine.X.production.map \
  --md=C:\Users\OMARFA~1\AppData\Local\Temp\xcAsqs.\driver_tmp_0.dat -E1 \
  -ver=XC8 Compiler --acfsm=1493 -ACODE=00h-0FFFFh -ACONST=00h-0FFFFh \
  -ASMALLCONST=01000h-010FFhx240 -AMEDIUMCONST=01000h-0FFFFh \
  -ACOMRAM=01h-07Fh -AABS1=00h-0F7Fh -ABIGRAM=01h-0F7Fh \
  -ARAM=080h-0FFh,0100h-01FFhx14,0F00h-0F7Fh -ABANK0=080h-0FFh \
  -ABANK1=0100h-01FFh -ABANK2=0200h-02FFh -ABANK3=0300h-03FFh \
  -ABANK4=0400h-04FFh -ABANK5=0500h-05FFh -ABANK6=0600h-06FFh \
  -ABANK7=0700h-07FFh -ABANK8=0800h-08FFh -ABANK9=0900h-09FFh \
  -ABANK10=0A00h-0AFFh -ABANK11=0B00h-0BFFh -ABANK12=0C00h-0CFFh \
  -ABANK13=0D00h-0DFFh -ABANK14=0E00h-0EFFh -ABANK15=0F00h-0F7Fh \
  -ASFR=0F80h-0FFFh -ABIGSFR=0F80h-0FFFh -ACONFIG=0300000h-030000Dh \
  -AIDLOC=0200000h-0200007h -AEEDATA=0F00000h-0F003FFh -peeprom_data=EEDATA \
  -preset_vec=00h,intcode=8h,intcodelo,powerup,init -pramtop=01000h \
  -psmallconst=SMALLCONST -pmediumconst=MEDIUMCONST -pconst=CONST \
  -AFARRAM=00h-00h \
  -prdata=COMRAM,nvrram=COMRAM,nvbit=COMRAM,rbss=COMRAM,rbit=COMRAM \
  -pfarbss=FARRAM,fardata=FARRAM,nvFARRAM=FARRAM \
  -pintsave_regs=BIGRAM,bigbss=BIGRAM,bigdata=BIGRAM -pbss=RAM \
  -pidata=CODE,irdata=CODE,ibigdata=CODE,ifardata=CODE -prparam=COMRAM \
  C:\Users\OMARFA~1\AppData\Local\Temp\xcAsqs.\driver_tmp_14.o \
  dist/default/production\VotingMachine.X.production.o 

Object code version is 3.11

Machine type is 18F4620



                Name                               Link     Load   Length Selector   Space Scale
C:\Users\OMARFA~1\AppData\Local\Temp\xcAsqs.\driver_tmp_14.o
                config                           300000   300000        E        0       4
                init                                  E        E        4        4       0
                reset_vec                             0        0        4        0       0
dist/default/production\VotingMachine.X.production.o
                intcode                               8        8        6        4       0
                config                           300000   300000        E        0       4
                temp                                 7D       7D        1        1       1
                smallconst                         1000     1000       76      800       0
                text79                             372A     372A       44      83B       0
                text78                             37F2     37F2       42      83B       0
                text77                             3C9E     3C9E       1A      83B       0
                text76                             3C84     3C84       1A      83B       0
                text75                             3C6A     3C6A       1A      83B       0
                text74                             3B3A     3B3A       2E      83B       0
                text73                             3B0C     3B0C       2E      83B       0
                text72                             3ADE     3ADE       2E      83B       0
                text71                             37B0     37B0       42      83B       0
                text70                             3A52     3A52       30      83B       0
                text69                             24FC     24FC       C4      83B       0
                text68                             27D4     27D4       B0      83B       0
                text67                             39EC     39EC       34      83B       0
                text66                             3CD0     3CD0        2      83B       0
                text65                             2930     2930       AA      83B       0
                text64                             1542     1542      1CC      83B       0
                text63                             3834     3834       40      83B       0
                text62                             39B8     39B8       34      83B       0
                text61                             2B28     2B28       A0      83B       0
                text60                             2208     2208      11C      83B       0
                text59                             3604     3604       52      83B       0
                text58                             2D90     2D90       92      83B       0
                text57                             343C     343C       62      83B       0
                text56                             33DA     33DA       62      83B       0
                text55                             2CFC     2CFC       94      83B       0
                text54                             29DA     29DA       A8      83B       0
                text53                             3984     3984       34      83B       0
                text52                             376E     376E       42      83B       0
                text51                             1C2C     1C2C      13E      83B       0
                text50                             3AB0     3AB0       2E      83B       0
                text49                             1AEA     1AEA      142      83B       0
                text48                             3C0C     3C0C       28      83B       0
                text47                             3C50     3C50       1A      83B       0
                text46                             30AA     30AA       7E      83B       0
                text45                             302C     302C       7E      83B       0
                text44                             2FAE     2FAE       7E      83B       0
                text43                             2F30     2F30       7E      83B       0
                intcode_body                       1076     1076      2F6      83B       0
                text41                             3A20     3A20       32      83B       0
                text40                             2436     2436       C6      83B       0
                text39                             2672     2672       B2      83B       0
                text38                             391A     391A       36      83B       0
                text37                             3CCE     3CCE        2      83B       0
                text36                             2884     2884       AC      83B       0
                text35                             136C     136C      1D6      83B       0
                text34                             36E6     36E6       44      83B       0
                text33                             38AC     38AC       38      83B       0
                text32                             2A82     2A82       A6      83B       0
                text31                             20E6     20E6      122      83B       0
                text30                             35AC     35AC       58      83B       0
                text29                             2BC8     2BC8       9C      83B       0
                text28                             336C     336C       6E      83B       0
                text27                             32FE     32FE       6E      83B       0
                text26                             2C64     2C64       98      83B       0
                text25                             2724     2724       B0      83B       0
                text24                             3874     3874       38      83B       0
                text23                             3656     3656       4A      83B       0
                text22                             170E     170E      156      83B       0
                text21                             1FC0     1FC0      126      83B       0
                text20                             3A82     3A82       2E      83B       0
                text19                             31A0     31A0       76      83B       0
                text18                             1E98     1E98      128      83B       0
                text17                             3554     3554       58      83B       0
                text16                             36A0     36A0       46      83B       0
                text15                             1864     1864      144      83B       0
                text14                             3BE4     3BE4       28      83B       0
                text13                             3BBC     3BBC       28      83B       0
                text12                             3B94     3B94       28      83B       0
                text11                             25C0     25C0       B2      83B       0
                text10                             328A     328A       74      83B       0
                text9                              3216     3216       74      83B       0
                text8                              1D6A     1D6A      12E      83B       0
                text7                              2EB0     2EB0       80      83B       0
                text6                              3950     3950       34      83B       0
                text5                              3128     3128       78      83B       0
                text4                              2324     2324      112      83B       0
                text3                              34FC     34FC       58      83B       0
                text2                              349E     349E       5E      83B       0
                text1                              19A8     19A8      142      83B       0
                text0                              38E4     38E4       36      83B       0
                cstackCOMRAM                          1        1       44        1       1
                cstackBANK0                          80       80       35       80       1
                dataBANK1                           120      120       1C      100       1
                bssBANK1                            100      100       20      100       1
                dataBANK0                            B5       B5       2C       80       1
                bssBANK0                             E1       E1       1D       80       1
                dataCOMRAM                           66       66       16        1       1
                bssCOMRAM                            45       45       21        1       1
                cinit                              2E22     2E22       8E      83B       0
                nvCOMRAM                             7C       7C        1        1       1
                idataBANK1                         3C34     3C34       1C      83B       0
                idataBANK0                         3B68     3B68       2C      83B       0
                idataCOMRAM                        3CB8     3CB8       16      83B       0

TOTAL           Name                               Link     Load   Length     Space
        CLASS   CODE           
                intcode                               8        8        6         0
                init                                  E        E        4         0
                reset_vec                             0        0        4         0
                text79                             372A     372A       44         0
                text78                             37F2     37F2       42         0
                text77                             3C9E     3C9E       1A         0
                text76                             3C84     3C84       1A         0
                text75                             3C6A     3C6A       1A         0
                text74                             3B3A     3B3A       2E         0
                text73                             3B0C     3B0C       2E         0
                text72                             3ADE     3ADE       2E         0
                text71                             37B0     37B0       42         0
                text70                             3A52     3A52       30         0
                text69                             24FC     24FC       C4         0
                text68                             27D4     27D4       B0         0
                text67                             39EC     39EC       34         0
                text66                             3CD0     3CD0        2         0
                text65                             2930     2930       AA         0
                text64                             1542     1542      1CC         0
                text63                             3834     3834       40         0
                text62                             39B8     39B8       34         0
                text61                             2B28     2B28       A0         0
                text60                             2208     2208      11C         0
                text59                             3604     3604       52         0
                text58                             2D90     2D90       92         0
                text57                             343C     343C       62         0
                text56                             33DA     33DA       62         0
                text55                             2CFC     2CFC       94         0
                text54                             29DA     29DA       A8         0
                text53                             3984     3984       34         0
                text52                             376E     376E       42         0
                text51                             1C2C     1C2C      13E         0
                text50                             3AB0     3AB0       2E         0
                text49                             1AEA     1AEA      142         0
                text48                             3C0C     3C0C       28         0
                text47                             3C50     3C50       1A         0
                text46                             30AA     30AA       7E         0
                text45                             302C     302C       7E         0
                text44                             2FAE     2FAE       7E         0
                text43                             2F30     2F30       7E         0
                intcode_body                       1076     1076      2F6         0
                text41                             3A20     3A20       32         0
                text40                             2436     2436       C6         0
                text39                             2672     2672       B2         0
                text38                             391A     391A       36         0
                text37                             3CCE     3CCE        2         0
                text36                             2884     2884       AC         0
                text35                             136C     136C      1D6         0
                text34                             36E6     36E6       44         0
                text33                             38AC     38AC       38         0
                text32                             2A82     2A82       A6         0
                text31                             20E6     20E6      122         0
                text30                             35AC     35AC       58         0
                text29                             2BC8     2BC8       9C         0
                text28                             336C     336C       6E         0
                text27                             32FE     32FE       6E         0
                text26                             2C64     2C64       98         0
                text25                             2724     2724       B0         0
                text24                             3874     3874       38         0
                text23                             3656     3656       4A         0
                text22                             170E     170E      156         0
                text21                             1FC0     1FC0      126         0
                text20                             3A82     3A82       2E         0
                text19                             31A0     31A0       76         0
                text18                             1E98     1E98      128         0
                text17                             3554     3554       58         0
                text16                             36A0     36A0       46         0
                text15                             1864     1864      144         0
                text14                             3BE4     3BE4       28         0
                text13                             3BBC     3BBC       28         0
                text12                             3B94     3B94       28         0
                text11                             25C0     25C0       B2         0
                text10                             328A     328A       74         0
                text9                              3216     3216       74         0
                text8                              1D6A     1D6A      12E         0
                text7                              2EB0     2EB0       80         0
                text6                              3950     3950       34         0
                text5                              3128     3128       78         0
                text4                              2324     2324      112         0
                text3                              34FC     34FC       58         0
                text2                              349E     349E       5E         0
                text1                              19A8     19A8      142         0
                text0                              38E4     38E4       36         0
                cinit                              2E22     2E22       8E         0
                idataBANK1                         3C34     3C34       1C         0
                idataBANK0                         3B68     3B68       2C         0
                idataCOMRAM                        3CB8     3CB8       16         0

        CLASS   CONST          

        CLASS   SMALLCONST     
                smallconst                         1000     1000       76         0

        CLASS   MEDIUMCONST    

        CLASS   COMRAM         
                temp                                 7D       7D        1         1
                cstackCOMRAM                          1        1       44         1
                dataCOMRAM                           66       66       16         1
                bssCOMRAM                            45       45       21         1
                nvCOMRAM                             7C       7C        1         1

        CLASS   ABS1           

        CLASS   BIGRAM         

        CLASS   RAM            

        CLASS   BANK0          
                cstackBANK0                          80       80       35         1
                dataBANK0                            B5       B5       2C         1
                bssBANK0                             E1       E1       1D         1

        CLASS   BANK1          
                dataBANK1                           120      120       1C         1
                bssBANK1                            100      100       20         1

        CLASS   BANK2          

        CLASS   BANK3          

        CLASS   BANK4          

        CLASS   BANK5          

        CLASS   BANK6          

        CLASS   BANK7          

        CLASS   BANK8          

        CLASS   BANK9          

        CLASS   BANK10         

        CLASS   BANK11         

        CLASS   BANK12         

        CLASS   BANK13         

        CLASS   BANK14         

        CLASS   BANK15         

        CLASS   SFR            

        CLASS   BIGSFR         

        CLASS   CONFIG         
                config                           300000   300000        E         4

        CLASS   IDLOC          

        CLASS   EEDATA         

        CLASS   FARRAM         

        CLASS   HEAP           

        CLASS   STACK          



SEGMENTS        Name                           Load    Length   Top    Selector   Space  Class

                reset_vec                      000000  000004  000004         0       0  CODE    
                cstackCOMRAM                   000001  00007D  00007E         1       1  COMRAM  
                intcode                        000008  00000A  000012         4       0  CODE    
                cstackBANK0                    000080  00007E  0000FE        80       1  BANK0   
                bssBANK1                       000100  00003C  00013C       100       1  BANK1   
                smallconst                     001000  000076  001076       800       0  SMALLCON
                intcode_body                   001076  002C5C  003CD2       83B       0  CODE    


UNUSED ADDRESS RANGES

        Name                Unused          Largest block    Delta
        BANK0            0000FE-0000FF                2
        BANK1            00013C-0001FF               C4
        BANK10           000A00-000AFF              100
        BANK11           000B00-000BFF              100
        BANK12           000C00-000CFF              100
        BANK13           000D00-000DFF              100
        BANK14           000E00-000EFF              100
        BANK15           000F00-000F7F               80
        BANK2            000200-0002FF              100
        BANK3            000300-0003FF              100
        BANK4            000400-0004FF              100
        BANK5            000500-0005FF              100
        BANK6            000600-0006FF              100
        BANK7            000700-0007FF              100
        BANK8            000800-0008FF              100
        BANK9            000900-0009FF              100
        BIGRAM           00007E-00007F                2
                         0000FE-0000FF                2
                         00013C-000F7F              E44
        BIGSFR           000F80-000FFF               80
        CODE             000004-000007                4
                         000012-000FFF              FEE
                         003CD2-00FFFF             C32E
        COMRAM           00007E-00007F                2
        CONST            000004-000007                4
                         000012-000FFF              FEE
                         003CD2-00FFFF             C32E
        EEDATA           F00000-F003FF              400
        IDLOC            200000-200007                8
        MEDIUMCONST      003CD2-00FFFF             C32E
        RAM              0000FE-0000FF                2
                         00013C-000F7F              100
        SFR              000F80-000FFF               80
        SMALLCONST       003CD2-00FFFF              100

                                  Symbol Table

?___awdiv                                     cstackBANK0  000080
?___awmod                                     cstackBANK0  000080
?_abs                                         cstackBANK0  000086
?_sprintf                                     cstackBANK0  000099
?_vfprintf                                    cstackBANK0  000095
?i2___awdiv                                   cstackCOMRAM 000001
?i2___awmod                                   cstackCOMRAM 000001
?i2_abs                                       cstackCOMRAM 000007
?i2_sprintf                                   cstackCOMRAM 00001A
?i2_vfprintf                                  cstackCOMRAM 000016
Data_EEPROM_ReadByte@adr                      cstackBANK0  000080
Data_EEPROM_ReadByte@data                     cstackBANK0  000082
Data_EEPROM_WriteByte@Global_Interrupt_status cstackCOMRAM 000004
Data_EEPROM_WriteByte@adr                     cstackCOMRAM 000001
Data_EEPROM_WriteByte@data                    cstackCOMRAM 000003
INT0_SetInterruptHandler@InterruptHandler     cstackBANK0  000080
INT1_SetInterruptHandler@InterruptHandler     cstackBANK0  000080
INT2_SetInterruptHandler@InterruptHandler     cstackBANK0  000080
RB4_ISR@RB4_source                            cstackCOMRAM 000036
RB5_ISR@RB5_source                            cstackCOMRAM 000036
RB6_ISR@RB6_source                            cstackCOMRAM 000036
RB7_ISR@RB7_source                            cstackCOMRAM 000036
_Data_EEPROM_ReadByte                         text24       003874
_Data_EEPROM_WriteByte                        text79       00372A
_EEADR                                        (abs)        000FA9
_EEADRH                                       (abs)        000FAA
_EECON1bits                                   (abs)        000FA6
_EECON2                                       (abs)        000FA7
_EEDATA                                       (abs)        000FA8
_INT0_APP_ISR                                 text76       003C84
_INT0_ISR                                     text74       003B3A
_INT0_InterruptHandler                        bssCOMRAM    000063
_INT0_SetInterruptHandler                     text14       003BE4
_INT1_APP_ISR                                 text75       003C6A
_INT1_ISR                                     text73       003B0C
_INT1_InterruptHandler                        bssCOMRAM    000061
_INT1_SetInterruptHandler                     text13       003BBC
_INT2_APP_ISR                                 text77       003C9E
_INT2_ISR                                     text72       003ADE
_INT2_InterruptHandler                        bssCOMRAM    00005F
_INT2_SetInterruptHandler                     text12       003B94
_INTCON2bits                                  (abs)        000FF1
_INTCON3bits                                  (abs)        000FF0
_INTCONbits                                   (abs)        000FF2
_InterruptManager                             intcode      000008
_LATA                                         (abs)        000F89
_LATB                                         (abs)        000F8A
_LATC                                         (abs)        000F8B
_LATD                                         (abs)        000F8C
_LATE                                         (abs)        000F8D
_PORTA                                        (abs)        000F80
_PORTB                                        (abs)        000F81
_PORTBbits                                    (abs)        000F81
_PORTC                                        (abs)        000F82
_PORTD                                        (abs)        000F83
_PORTE                                        (abs)        000F84
_RB4_HIGH_APP_ISR                             text47       003C50
_RB4_ISR                                      text46       0030AA
_RB4_InterruptHandler_HIGH                    bssCOMRAM    00005D
_RB4_InterruptHandler_LOW                     bssCOMRAM    00005B
_RB4_flag                                     dataCOMRAM   000069
_RB5_ISR                                      text45       00302C
_RB5_InterruptHandler_HIGH                    bssCOMRAM    000059
_RB5_InterruptHandler_LOW                     bssCOMRAM    000057
_RB5_LOW_APP_ISR                              text50       003AB0
_RB5_flag                                     dataCOMRAM   000068
_RB6_HIGH_APP_ISR                             text48       003C0C
_RB6_ISR                                      text44       002FAE
_RB6_InterruptHandler_HIGH                    bssCOMRAM    000055
_RB6_InterruptHandler_LOW                     bssCOMRAM    000053
_RB6_flag                                     dataCOMRAM   000067
_RB7_ISR                                      text43       002F30
_RB7_InterruptHandler_HIGH                    bssCOMRAM    000051
_RB7_InterruptHandler_LOW                     bssCOMRAM    00004F
_RB7_flag                                     dataCOMRAM   000066
_TRISA                                        (abs)        000F92
_TRISB                                        (abs)        000F93
_TRISC                                        (abs)        000F94
_TRISD                                        (abs)        000F95
_TRISE                                        (abs)        000F96
__HRAM                                        (abs)        000000
__H__absolute__                               __absolute__ 000000
__Habs1                                       abs1         000000
__Hbank0                                      bank0        000000
__Hbank1                                      bank1        000000
__Hbank10                                     bank10       000000
__Hbank11                                     bank11       000000
__Hbank12                                     bank12       000000
__Hbank13                                     bank13       000000
__Hbank14                                     bank14       000000
__Hbank15                                     bank15       000000
__Hbank2                                      bank2        000000
__Hbank3                                      bank3        000000
__Hbank4                                      bank4        000000
__Hbank5                                      bank5        000000
__Hbank6                                      bank6        000000
__Hbank7                                      bank7        000000
__Hbank8                                      bank8        000000
__Hbank9                                      bank9        000000
__Hbigbss                                     bigbss       000000
__Hbigdata                                    bigdata      000000
__Hbigram                                     bigram       000000
__Hbigsfr                                     bigsfr       000000
__Hbss                                        bss          000000
__HbssBANK0                                   bssBANK0     000000
__HbssBANK1                                   bssBANK1     000000
__HbssCOMRAM                                  bssCOMRAM    000000
__Hcinit                                      cinit        000000
__Hclrtext                                    clrtext      000000
__Hcomram                                     comram       000000
__Hconfig                                     config       30000E
__Hconst                                      const        000000
__HcstackBANK0                                cstackBANK0  000000
__HcstackCOMRAM                               cstackCOMRAM 000000
__Hdata                                       data         000000
__HdataBANK0                                  dataBANK0    000000
__HdataBANK1                                  dataBANK1    000000
__HdataCOMRAM                                 dataCOMRAM   000000
__Heeprom_data                                eeprom_data  000000
__Hfarbss                                     farbss       000000
__Hfardata                                    fardata      000000
__Hheap                                       heap         000000
__Hibigdata                                   ibigdata     000000
__Hidata                                      idata        000000
__HidataBANK0                                 idataBANK0   000000
__HidataBANK1                                 idataBANK1   000000
__HidataCOMRAM                                idataCOMRAM  000000
__Hidloc                                      idloc        000000
__Hifardata                                   ifardata     000000
__Hinit                                       init         000012
__Hintcode                                    intcode      00000E
__Hintcode_body                               intcode_body 000000
__Hintcodelo                                  intcodelo    00000E
__Hintentry                                   intentry     000000
__Hintret                                     intret       000000
__Hintsave_regs                               intsave_regs 000000
__Hirdata                                     irdata       000000
__Hmediumconst                                mediumconst  000000
__HnvCOMRAM                                   nvCOMRAM     000000
__HnvFARRAM                                   nvFARRAM     000000
__Hnvbit                                      nvbit        000000
__Hnvrram                                     nvrram       000000
__Hparam                                      rparam       000000
__Hpowerup                                    powerup      00000E
__Hram                                        ram          000000
__Hramtop                                     ramtop       001000
__Hrbit                                       rbit         000000
__Hrbss                                       rbss         000000
__Hrdata                                      rdata        000000
__Hreset_vec                                  reset_vec    000004
__Hrparam                                     rparam       000000
__Hsfr                                        sfr          000000
__Hsivt_hi                                    sivt_hi      000000
__Hsivt_lo                                    sivt_lo      000000
__Hsmallconst                                 smallconst   001076
__Hspace_0                                    (abs)        003CD2
__Hspace_1                                    (abs)        00013C
__Hspace_2                                    (abs)        000000
__Hspace_4                                    (abs)        60000E
__Hstack                                      stack        000000
__Hstruct                                     struct       000000
__Htemp                                       temp         00007E
__Htext                                       text         000000
__Htext0                                      text0        000000
__Htext1                                      text1        000000
__Htext10                                     text10       000000
__Htext11                                     text11       000000
__Htext12                                     text12       000000
__Htext13                                     text13       000000
__Htext14                                     text14       000000
__Htext15                                     text15       000000
__Htext16                                     text16       000000
__Htext17                                     text17       000000
__Htext18                                     text18       000000
__Htext19                                     text19       000000
__Htext2                                      text2        000000
__Htext20                                     text20       000000
__Htext21                                     text21       000000
__Htext22                                     text22       000000
__Htext23                                     text23       000000
__Htext24                                     text24       000000
__Htext25                                     text25       000000
__Htext26                                     text26       000000
__Htext27                                     text27       000000
__Htext28                                     text28       000000
__Htext29                                     text29       000000
__Htext3                                      text3        000000
__Htext30                                     text30       000000
__Htext31                                     text31       000000
__Htext32                                     text32       000000
__Htext33                                     text33       000000
__Htext34                                     text34       000000
__Htext35                                     text35       000000
__Htext36                                     text36       000000
__Htext37                                     text37       000000
__Htext38                                     text38       000000
__Htext39                                     text39       000000
__Htext4                                      text4        000000
__Htext40                                     text40       000000
__Htext41                                     text41       000000
__Htext43                                     text43       000000
__Htext44                                     text44       000000
__Htext45                                     text45       000000
__Htext46                                     text46       000000
__Htext47                                     text47       000000
__Htext48                                     text48       000000
__Htext49                                     text49       000000
__Htext5                                      text5        000000
__Htext50                                     text50       000000
__Htext51                                     text51       000000
__Htext52                                     text52       000000
__Htext53                                     text53       000000
__Htext54                                     text54       000000
__Htext55                                     text55       000000
__Htext56                                     text56       000000
__Htext57                                     text57       000000
__Htext58                                     text58       000000
__Htext59                                     text59       000000
__Htext6                                      text6        000000
__Htext60                                     text60       000000
__Htext61                                     text61       000000
__Htext62                                     text62       000000
__Htext63                                     text63       000000
__Htext64                                     text64       000000
__Htext65                                     text65       000000
__Htext66                                     text66       000000
__Htext67                                     text67       000000
__Htext68                                     text68       000000
__Htext69                                     text69       000000
__Htext7                                      text7        000000
__Htext70                                     text70       000000
__Htext71                                     text71       000000
__Htext72                                     text72       000000
__Htext73                                     text73       000000
__Htext74                                     text74       000000
__Htext75                                     text75       000000
__Htext76                                     text76       000000
__Htext77                                     text77       000000
__Htext78                                     text78       000000
__Htext79                                     text79       000000
__Htext8                                      text8        000000
__Htext9                                      text9        000000
__LRAM                                        (abs)        000001
__L__absolute__                               __absolute__ 000000
__Labs1                                       abs1         000000
__Lbank0                                      bank0        000000
__Lbank1                                      bank1        000000
__Lbank10                                     bank10       000000
__Lbank11                                     bank11       000000
__Lbank12                                     bank12       000000
__Lbank13                                     bank13       000000
__Lbank14                                     bank14       000000
__Lbank15                                     bank15       000000
__Lbank2                                      bank2        000000
__Lbank3                                      bank3        000000
__Lbank4                                      bank4        000000
__Lbank5                                      bank5        000000
__Lbank6                                      bank6        000000
__Lbank7                                      bank7        000000
__Lbank8                                      bank8        000000
__Lbank9                                      bank9        000000
__Lbigbss                                     bigbss       000000
__Lbigdata                                    bigdata      000000
__Lbigram                                     bigram       000000
__Lbigsfr                                     bigsfr       000000
__Lbss                                        bss          000000
__LbssBANK0                                   bssBANK0     000000
__LbssBANK1                                   bssBANK1     000000
__LbssCOMRAM                                  bssCOMRAM    000000
__Lcinit                                      cinit        000000
__Lclrtext                                    clrtext      000000
__Lcomram                                     comram       000000
__Lconfig                                     config       000000
__Lconst                                      const        000000
__LcstackBANK0                                cstackBANK0  000000
__LcstackCOMRAM                               cstackCOMRAM 000000
__Ldata                                       data         000000
__LdataBANK0                                  dataBANK0    000000
__LdataBANK1                                  dataBANK1    000000
__LdataCOMRAM                                 dataCOMRAM   000000
__Leeprom_data                                eeprom_data  000000
__Lfarbss                                     farbss       000000
__Lfardata                                    fardata      000000
__Lheap                                       heap         000000
__Libigdata                                   ibigdata     000000
__Lidata                                      idata        000000
__LidataBANK0                                 idataBANK0   000000
__LidataBANK1                                 idataBANK1   000000
__LidataCOMRAM                                idataCOMRAM  000000
__Lidloc                                      idloc        000000
__Lifardata                                   ifardata     000000
__Linit                                       init         00000E
__Lintcode                                    intcode      000008
__Lintcode_body                               intcode_body 000000
__Lintcodelo                                  intcodelo    00000E
__Lintentry                                   intentry     000000
__Lintret                                     intret       000000
__Lintsave_regs                               intsave_regs 000000
__Lirdata                                     irdata       000000
__Lmediumconst                                mediumconst  000000
__LnvCOMRAM                                   nvCOMRAM     000000
__LnvFARRAM                                   nvFARRAM     000000
__Lnvbit                                      nvbit        000000
__Lnvrram                                     nvrram       000000
__Lparam                                      rparam       000000
__Lpowerup                                    powerup      00000E
__Lram                                        ram          000000
__Lramtop                                     ramtop       001000
__Lrbit                                       rbit         000000
__Lrbss                                       rbss         000000
__Lrdata                                      rdata        000000
__Lreset_vec                                  reset_vec    000000
__Lrparam                                     rparam       000000
__Lsfr                                        sfr          000000
__Lsivt_hi                                    sivt_hi      000000
__Lsivt_lo                                    sivt_lo      000000
__Lsmallconst                                 smallconst   001000
__Lspace_0                                    (abs)        000000
__Lspace_1                                    (abs)        000000
__Lspace_2                                    (abs)        000000
__Lspace_4                                    (abs)        000000
__Lstack                                      stack        000000
__Lstruct                                     struct       000000
__Ltemp                                       temp         00007D
__Ltext                                       text         000000
__Ltext0                                      text0        000000
__Ltext1                                      text1        000000
__Ltext10                                     text10       000000
__Ltext11                                     text11       000000
__Ltext12                                     text12       000000
__Ltext13                                     text13       000000
__Ltext14                                     text14       000000
__Ltext15                                     text15       000000
__Ltext16                                     text16       000000
__Ltext17                                     text17       000000
__Ltext18                                     text18       000000
__Ltext19                                     text19       000000
__Ltext2                                      text2        000000
__Ltext20                                     text20       000000
__Ltext21                                     text21       000000
__Ltext22                                     text22       000000
__Ltext23                                     text23       000000
__Ltext24                                     text24       000000
__Ltext25                                     text25       000000
__Ltext26                                     text26       000000
__Ltext27                                     text27       000000
__Ltext28                                     text28       000000
__Ltext29                                     text29       000000
__Ltext3                                      text3        000000
__Ltext30                                     text30       000000
__Ltext31                                     text31       000000
__Ltext32                                     text32       000000
__Ltext33                                     text33       000000
__Ltext34                                     text34       000000
__Ltext35                                     text35       000000
__Ltext36                                     text36       000000
__Ltext37                                     text37       000000
__Ltext38                                     text38       000000
__Ltext39                                     text39       000000
__Ltext4                                      text4        000000
__Ltext40                                     text40       000000
__Ltext41                                     text41       000000
__Ltext43                                     text43       000000
__Ltext44                                     text44       000000
__Ltext45                                     text45       000000
__Ltext46                                     text46       000000
__Ltext47                                     text47       000000
__Ltext48                                     text48       000000
__Ltext49                                     text49       000000
__Ltext5                                      text5        000000
__Ltext50                                     text50       000000
__Ltext51                                     text51       000000
__Ltext52                                     text52       000000
__Ltext53                                     text53       000000
__Ltext54                                     text54       000000
__Ltext55                                     text55       000000
__Ltext56                                     text56       000000
__Ltext57                                     text57       000000
__Ltext58                                     text58       000000
__Ltext59                                     text59       000000
__Ltext6                                      text6        000000
__Ltext60                                     text60       000000
__Ltext61                                     text61       000000
__Ltext62                                     text62       000000
__Ltext63                                     text63       000000
__Ltext64                                     text64       000000
__Ltext65                                     text65       000000
__Ltext66                                     text66       000000
__Ltext67                                     text67       000000
__Ltext68                                     text68       000000
__Ltext69                                     text69       000000
__Ltext7                                      text7        000000
__Ltext70                                     text70       000000
__Ltext71                                     text71       000000
__Ltext72                                     text72       000000
__Ltext73                                     text73       000000
__Ltext74                                     text74       000000
__Ltext75                                     text75       000000
__Ltext76                                     text76       000000
__Ltext77                                     text77       000000
__Ltext78                                     text78       000000
__Ltext79                                     text79       000000
__Ltext8                                      text8        000000
__Ltext9                                      text9        000000
__S0                                          (abs)        003CD2
__S1                                          (abs)        00013C
__S4                                          (abs)        000000
__S5                                          (abs)        000000
___awdiv                                      text40       002436
___awdiv@counter                              cstackBANK0  000084
___awdiv@dividend                             cstackBANK0  000080
___awdiv@divisor                              cstackBANK0  000082
___awdiv@quotient                             cstackBANK0  000086
___awdiv@sign                                 cstackBANK0  000085
___awmod                                      text39       002672
___awmod@counter                              cstackBANK0  000084
___awmod@dividend                             cstackBANK0  000080
___awmod@divisor                              cstackBANK0  000082
___awmod@sign                                 cstackBANK0  000085
___heap_hi                                    (abs)        000000
___heap_lo                                    (abs)        000000
___inthi_sp                                   stack        000000
___inthi_stack_hi                             stack        000000
___inthi_stack_lo                             stack        000000
___intlo_sp                                   stack        000000
___intlo_stack_hi                             stack        000000
___intlo_stack_lo                             stack        000000
___param_bank                                 (abs)        000000
___rparam_used                                (abs)        000001
___sp                                         stack        000000
___stack_hi                                   stack        000000
___stack_lo                                   stack        000000
__accesstop                                   (abs)        000080
__activetblptr                                (abs)        000003
__end_of_Data_EEPROM_ReadByte                 text24       0038AC
__end_of_Data_EEPROM_WriteByte                text79       00376E
__end_of_INT0_APP_ISR                         text76       003C9E
__end_of_INT0_ISR                             text74       003B68
__end_of_INT0_SetInterruptHandler             text14       003C0C
__end_of_INT1_APP_ISR                         text75       003C84
__end_of_INT1_ISR                             text73       003B3A
__end_of_INT1_SetInterruptHandler             text13       003BE4
__end_of_INT2_APP_ISR                         text77       003CB8
__end_of_INT2_ISR                             text72       003B0C
__end_of_INT2_SetInterruptHandler             text12       003BBC
__end_of_InterruptManager                     intcode_body 00136C
__end_of_RB4_HIGH_APP_ISR                     text47       003C6A
__end_of_RB4_ISR                              text46       003128
__end_of_RB5_ISR                              text45       0030AA
__end_of_RB5_LOW_APP_ISR                      text50       003ADE
__end_of_RB6_HIGH_APP_ISR                     text48       003C34
__end_of_RB6_ISR                              text44       00302C
__end_of_RB7_ISR                              text43       002FAE
__end_of___awdiv                              text40       0024FC
__end_of___awmod                              text39       002724
__end_of__initialization                      cinit        002EA6
__end_of_abs                                  text38       003950
__end_of_button_initialize                    text20       003AB0
__end_of_clear_eeprom                         text71       0037F2
__end_of_convert_uint16_to_string             text32       002B28
__end_of_display                              text22       001864
__end_of_ecu_initialize                       text17       0035AC
__end_of_fputc                                text36       002930
__end_of_gpio_pin_direction_initialize        text21       0020E6
__end_of_gpio_pin_initialize                  text19       003216
__end_of_gpio_pin_write_logic                 text31       002208
__end_of_interrupt_INTx_SetInterruptHandler   text11       002672
__end_of_interrupt_INTx_clear_flag            text10       0032FE
__end_of_interrupt_INTx_disable               text9        00328A
__end_of_interrupt_INTx_edge_init             text8        001E98
__end_of_interrupt_INTx_enable                text7        002F30
__end_of_interrupt_INTx_initialize            text5        0031A0
__end_of_interrupt_INTx_pin_init              text6        003984
__end_of_interrupt_RBx_initialize             text4        002436
__end_of_lcd_4bit_enable_signal               text30       003604
__end_of_lcd_4bit_initialize                  text18       001FC0
__end_of_lcd_4bit_send_char_data              text28       0033DA
__end_of_lcd_4bit_send_char_data_pos          text16       0036E6
__end_of_lcd_4bit_send_command                text27       00336C
__end_of_lcd_4bit_send_string_pos             text25       0027D4
__end_of_lcd_4bit_set_cursor                  text26       002CFC
__end_of_lcd_send_4bits                       text29       002C64
__end_of_loading_screen                       text15       0019A8
__end_of_main                                 text0        00391A
__end_of_mcal_initialize                      text3        003554
__end_of_memset                               text41       003A52
__end_of_putch                                text37       003CD0
__end_of_read_eeprom                          text23       0036A0
__end_of_sprintf                              text33       0038E4
__end_of_store_eeprom                         text78       003834
__end_of_vfpfcnvrt                            text35       001542
__end_of_vfprintf                             text34       00372A
__end_of_welcome_message                      text2        0034FC
__end_of_winner                               text1        001AEA
__end_ofi2_Data_EEPROM_ReadByte               text53       0039B8
__end_ofi2___awdiv                            text69       0025C0
__end_ofi2___awmod                            text68       002884
__end_ofi2_abs                                text67       003A20
__end_ofi2_convert_uint16_to_string           text61       002BC8
__end_ofi2_display                            text51       001D6A
__end_ofi2_fputc                              text65       0029DA
__end_ofi2_gpio_pin_write_logic               text60       002324
__end_ofi2_lcd_4bit_enable_signal             text59       003656
__end_ofi2_lcd_4bit_send_char_data            text57       00349E
__end_ofi2_lcd_4bit_send_command              text56       00343C
__end_ofi2_lcd_4bit_send_string_pos           text54       002A82
__end_ofi2_lcd_4bit_set_cursor                text55       002D90
__end_ofi2_lcd_send_4bits                     text58       002E22
__end_ofi2_memset                             text70       003A82
__end_ofi2_putch                              text66       003CD2
__end_ofi2_read_eeprom                        text52       0037B0
__end_ofi2_sprintf                            text62       0039EC
__end_ofi2_vfpfcnvrt                          text64       00170E
__end_ofi2_vfprintf                           text63       003874
__end_ofi2_winner                             text49       001C2C
__initialization                              cinit        002E22
__mediumconst                                 mediumconst  000000
__pbssBANK0                                   bssBANK0     0000E1
__pbssBANK1                                   bssBANK1     000100
__pbssCOMRAM                                  bssCOMRAM    000045
__pcinit                                      cinit        002E22
__pcstackBANK0                                cstackBANK0  000080
__pcstackCOMRAM                               cstackCOMRAM 000001
__pdataBANK0                                  dataBANK0    0000B5
__pdataBANK1                                  dataBANK1    000120
__pdataCOMRAM                                 dataCOMRAM   000066
__pidataBANK0                                 idataBANK0   003B68
__pidataBANK1                                 idataBANK1   003C34
__pidataCOMRAM                                idataCOMRAM  003CB8
__pintcode                                    intcode      000008
__pintcode_body                               intcode_body 001076
__pnvCOMRAM                                   nvCOMRAM     00007C
__psmallconst                                 smallconst   001000
__ptext0                                      text0        0038E4
__ptext1                                      text1        0019A8
__ptext10                                     text10       00328A
__ptext11                                     text11       0025C0
__ptext12                                     text12       003B94
__ptext13                                     text13       003BBC
__ptext14                                     text14       003BE4
__ptext15                                     text15       001864
__ptext16                                     text16       0036A0
__ptext17                                     text17       003554
__ptext18                                     text18       001E98
__ptext19                                     text19       0031A0
__ptext2                                      text2        00349E
__ptext20                                     text20       003A82
__ptext21                                     text21       001FC0
__ptext22                                     text22       00170E
__ptext23                                     text23       003656
__ptext24                                     text24       003874
__ptext25                                     text25       002724
__ptext26                                     text26       002C64
__ptext27                                     text27       0032FE
__ptext28                                     text28       00336C
__ptext29                                     text29       002BC8
__ptext3                                      text3        0034FC
__ptext30                                     text30       0035AC
__ptext31                                     text31       0020E6
__ptext32                                     text32       002A82
__ptext33                                     text33       0038AC
__ptext34                                     text34       0036E6
__ptext35                                     text35       00136C
__ptext36                                     text36       002884
__ptext37                                     text37       003CCE
__ptext38                                     text38       00391A
__ptext39                                     text39       002672
__ptext4                                      text4        002324
__ptext40                                     text40       002436
__ptext41                                     text41       003A20
__ptext43                                     text43       002F30
__ptext44                                     text44       002FAE
__ptext45                                     text45       00302C
__ptext46                                     text46       0030AA
__ptext47                                     text47       003C50
__ptext48                                     text48       003C0C
__ptext49                                     text49       001AEA
__ptext5                                      text5        003128
__ptext50                                     text50       003AB0
__ptext51                                     text51       001C2C
__ptext52                                     text52       00376E
__ptext53                                     text53       003984
__ptext54                                     text54       0029DA
__ptext55                                     text55       002CFC
__ptext56                                     text56       0033DA
__ptext57                                     text57       00343C
__ptext58                                     text58       002D90
__ptext59                                     text59       003604
__ptext6                                      text6        003950
__ptext60                                     text60       002208
__ptext61                                     text61       002B28
__ptext62                                     text62       0039B8
__ptext63                                     text63       003834
__ptext64                                     text64       001542
__ptext65                                     text65       002930
__ptext66                                     text66       003CD0
__ptext67                                     text67       0039EC
__ptext68                                     text68       0027D4
__ptext69                                     text69       0024FC
__ptext7                                      text7        002EB0
__ptext70                                     text70       003A52
__ptext71                                     text71       0037B0
__ptext72                                     text72       003ADE
__ptext73                                     text73       003B0C
__ptext74                                     text74       003B3A
__ptext75                                     text75       003C6A
__ptext76                                     text76       003C84
__ptext77                                     text77       003C9E
__ptext78                                     text78       0037F2
__ptext79                                     text79       00372A
__ptext8                                      text8        001D6A
__ptext9                                      text9        003216
__ramtop                                      ramtop       001000
__smallconst                                  smallconst   001000
_abs                                          text38       00391A
_btn1                                         dataBANK0    0000DE
_btn2                                         dataBANK0    0000DB
_btn3                                         dataBANK0    0000D8
_btn4                                         dataBANK0    0000D5
_btn5                                         dataBANK0    0000D2
_btn6                                         dataBANK0    0000CF
_button_initialize                            text20       003A82
_can_A                                        bssBANK0     0000FD
_can_A_str                                    bssBANK0     0000F4
_can_B                                        bssBANK0     0000FC
_can_B_str                                    bssBANK0     0000EE
_can_C                                        bssBANK0     0000FB
_can_C_str                                    bssBANK0     0000E8
_can_D                                        bssBANK0     0000FA
_can_D_str                                    bssBANK0     0000E2
_clear_eeprom                                 text71       0037B0
_convert_uint16_to_string                     text32       002A82
_dbuf                                         bssBANK1     000100
_display                                      text22       00170E
_ecu_initialize                               text17       003554
_flags                                        bssCOMRAM    000065
_fputc                                        text36       002884
_gpio_pin_direction_initialize                text21       001FC0
_gpio_pin_initialize                          text19       0031A0
_gpio_pin_write_logic                         text31       0020E6
_int0_obj                                     dataBANK1    000136
_int1_obj                                     dataBANK1    000130
_int2_obj                                     dataBANK1    00012A
_interrupt_INTx_SetInterruptHandler           text11       0025C0
_interrupt_INTx_clear_flag                    text10       00328A
_interrupt_INTx_disable                       text9        003216
_interrupt_INTx_edge_init                     text8        001D6A
_interrupt_INTx_enable                        text7        002EB0
_interrupt_INTx_initialize                    text5        003128
_interrupt_INTx_pin_init                      text6        003950
_interrupt_RBx_initialize                     text4        002324
_lat_registers                                dataBANK0    0000B5
_lcd                                          dataBANK0    0000C9
_lcd_4bit_enable_signal                       text30       0035AC
_lcd_4bit_initialize                          text18       001E98
_lcd_4bit_send_char_data                      text28       00336C
_lcd_4bit_send_char_data_pos                  text16       0036A0
_lcd_4bit_send_command                        text27       0032FE
_lcd_4bit_send_string_pos                     text25       002724
_lcd_4bit_set_cursor                          text26       002C64
_lcd_send_4bits                               text29       002BC8
_loading_screen                               text15       001864
_main                                         text0        0038E4
_mcal_initialize                              text3        0034FC
_memset                                       text41       003A20
_operation_mode                               bssBANK0     0000E1
_port_registers                               dataBANK1    000120
_prec                                         bssCOMRAM    00004D
_putch                                        text37       003CCE
_rb4_obj                                      dataCOMRAM   000076
_rb5_obj                                      dataCOMRAM   000070
_rb6_obj                                      dataCOMRAM   00006A
_read_eeprom                                  text23       003656
_ret                                          nvCOMRAM     00007C
_sprintf                                      text33       0038AC
_store_eeprom                                 text78       0037F2
_tric_registers                               dataBANK0    0000BF
_vfpfcnvrt                                    text35       00136C
_vfprintf                                     text34       0036E6
_welcome_message                              text2        00349E
_width                                        bssCOMRAM    00004B
_winner                                       text1        0019A8
abs@a                                         cstackBANK0  000086
btemp                                         temp         00007D
button_initialize@btn                         cstackBANK0  000088
button_initialize@ret                         cstackBANK0  000089
convert_uint16_to_string@F3236                bssCOMRAM    000045
convert_uint16_to_string@data_counter         cstackBANK0  0000B4
convert_uint16_to_string@ret                  cstackBANK0  0000B3
convert_uint16_to_string@str                  cstackBANK0  0000AC
convert_uint16_to_string@temp_str             cstackBANK0  0000AD
convert_uint16_to_string@value                cstackBANK0  0000AA
ecu_initialize@ret                            cstackBANK0  000094
end_of_initialization                         cinit        002EA6
fputc@c                                       cstackBANK0  000080
fputc@fp                                      cstackBANK0  000082
gpio_pin_direction_initialize@pin_config      cstackBANK0  000080
gpio_pin_direction_initialize@ret             cstackBANK0  000087
gpio_pin_initialize@pin_config                cstackBANK0  000089
gpio_pin_initialize@ret                       cstackBANK0  00008C
gpio_pin_write_logic@logic                    cstackBANK0  000082
gpio_pin_write_logic@pin_config               cstackBANK0  000080
gpio_pin_write_logic@ret                      cstackBANK0  000088
i2Data_EEPROM_ReadByte@adr                    cstackCOMRAM 000001
i2Data_EEPROM_ReadByte@data                   cstackCOMRAM 000003
i2_Data_EEPROM_ReadByte                       text53       003984
i2___awdiv                                    text69       0024FC
i2___awdiv@counter                            cstackCOMRAM 000005
i2___awdiv@dividend                           cstackCOMRAM 000001
i2___awdiv@divisor                            cstackCOMRAM 000003
i2___awdiv@quotient                           cstackCOMRAM 000007
i2___awdiv@sign                               cstackCOMRAM 000006
i2___awmod                                    text68       0027D4
i2___awmod@counter                            cstackCOMRAM 000005
i2___awmod@dividend                           cstackCOMRAM 000001
i2___awmod@divisor                            cstackCOMRAM 000003
i2___awmod@sign                               cstackCOMRAM 000006
i2_abs                                        text67       0039EC
i2_convert_uint16_to_string                   text61       002B28
i2_display                                    text51       001C2C
i2_fputc                                      text65       002930
i2_gpio_pin_write_logic                       text60       002208
i2_lcd_4bit_enable_signal                     text59       003604
i2_lcd_4bit_send_char_data                    text57       00343C
i2_lcd_4bit_send_command                      text56       0033DA
i2_lcd_4bit_send_string_pos                   text54       0029DA
i2_lcd_4bit_set_cursor                        text55       002CFC
i2_lcd_send_4bits                             text58       002D90
i2_memset                                     text70       003A52
i2_putch                                      text66       003CD0
i2_read_eeprom                                text52       00376E
i2_sprintf                                    text62       0039B8
i2_vfpfcnvrt                                  text64       001542
i2_vfprintf                                   text63       003834
i2_winner                                     text49       001AEA
i2abs@a                                       cstackCOMRAM 000007
i2convert_uint16_to_string@data_counter       cstackCOMRAM 000035
i2convert_uint16_to_string@ret                cstackCOMRAM 000034
i2convert_uint16_to_string@str                cstackCOMRAM 00002D
i2convert_uint16_to_string@temp_str           cstackCOMRAM 00002E
i2convert_uint16_to_string@value              cstackCOMRAM 00002B
i2fputc@c                                     cstackCOMRAM 000001
i2fputc@fp                                    cstackCOMRAM 000003
i2gpio_pin_write_logic@logic                  cstackCOMRAM 000003
i2gpio_pin_write_logic@pin_config             cstackCOMRAM 000001
i2gpio_pin_write_logic@ret                    cstackCOMRAM 000009
i2lcd_4bit_enable_signal@lcd                  cstackCOMRAM 00000A
i2lcd_4bit_enable_signal@ret                  cstackCOMRAM 00000C
i2lcd_4bit_send_char_data@data                cstackCOMRAM 00000F
i2lcd_4bit_send_char_data@lcd                 cstackCOMRAM 00000E
i2lcd_4bit_send_char_data@ret                 cstackCOMRAM 000010
i2lcd_4bit_send_command@command               cstackCOMRAM 00000F
i2lcd_4bit_send_command@lcd                   cstackCOMRAM 00000E
i2lcd_4bit_send_command@ret                   cstackCOMRAM 000010
i2lcd_4bit_send_string_pos@column             cstackCOMRAM 000019
i2lcd_4bit_send_string_pos@lcd                cstackCOMRAM 000015
i2lcd_4bit_send_string_pos@ret                cstackCOMRAM 00001A
i2lcd_4bit_send_string_pos@row                cstackCOMRAM 000018
i2lcd_4bit_send_string_pos@str                cstackCOMRAM 000016
i2lcd_4bit_set_cursor@column                  cstackCOMRAM 000013
i2lcd_4bit_set_cursor@lcd                     cstackCOMRAM 000011
i2lcd_4bit_set_cursor@ret                     cstackCOMRAM 000014
i2lcd_4bit_set_cursor@row                     cstackCOMRAM 000012
i2lcd_send_4bits@data                         cstackCOMRAM 00000B
i2lcd_send_4bits@lcd                          cstackCOMRAM 00000A
i2lcd_send_4bits@ret                          cstackCOMRAM 00000D
i2memset@c                                    cstackCOMRAM 000002
i2memset@dest                                 cstackCOMRAM 000001
i2memset@n                                    cstackCOMRAM 000004
i2memset@p                                    cstackCOMRAM 000006
i2sprintf@ap                                  cstackCOMRAM 00001E
i2sprintf@f                                   cstackCOMRAM 00001F
i2sprintf@fmt                                 cstackCOMRAM 00001B
i2sprintf@s                                   cstackCOMRAM 00001A
i2vfpfcnvrt@ap                                cstackCOMRAM 00000D
i2vfpfcnvrt@c                                 cstackCOMRAM 000015
i2vfpfcnvrt@convarg                           cstackCOMRAM 000011
i2vfpfcnvrt@cp                                cstackCOMRAM 000010
i2vfpfcnvrt@done                              cstackCOMRAM 00000F
i2vfpfcnvrt@fmt                               cstackCOMRAM 00000C
i2vfpfcnvrt@fp                                cstackCOMRAM 00000B
i2vfprintf@ap                                 cstackCOMRAM 000018
i2vfprintf@cfmt                               cstackCOMRAM 000019
i2vfprintf@fmt                                cstackCOMRAM 000017
i2vfprintf@fp                                 cstackCOMRAM 000016
int$flags                                     temp         00007D
int_func                                      intcode_body 001076
interrupt_INTx_SetInterruptHandler@int_obj    cstackBANK0  000082
interrupt_INTx_SetInterruptHandler@ret        cstackBANK0  000086
interrupt_INTx_clear_flag@int_obj             cstackBANK0  000080
interrupt_INTx_clear_flag@ret                 cstackBANK0  000084
interrupt_INTx_disable@int_obj                cstackBANK0  000080
interrupt_INTx_disable@ret                    cstackBANK0  000084
interrupt_INTx_edge_init@int_obj              cstackBANK0  000080
interrupt_INTx_edge_init@ret                  cstackBANK0  000084
interrupt_INTx_enable@int_obj                 cstackBANK0  000080
interrupt_INTx_enable@ret                     cstackBANK0  000084
interrupt_INTx_initialize@int_obj             cstackBANK0  000090
interrupt_INTx_initialize@ret                 cstackBANK0  000092
interrupt_INTx_pin_init@int_obj               cstackBANK0  00008D
interrupt_INTx_pin_init@ret                   cstackBANK0  00008F
interrupt_RBx_initialize@int_obj              cstackBANK0  000088
interrupt_RBx_initialize@ret                  cstackBANK0  00008A
intlevel0                                     text         000000
intlevel1                                     text         000000
intlevel2                                     text         000000
intlevel3                                     text         000000
isa$std                                       (abs)        000001
isa$xinst                                     (abs)        000000
lcd_4bit_enable_signal@lcd                    cstackBANK0  000089
lcd_4bit_enable_signal@ret                    cstackBANK0  00008B
lcd_4bit_initialize@data_pins_counter         cstackBANK0  000092
lcd_4bit_initialize@lcd                       cstackBANK0  000090
lcd_4bit_initialize@ret                       cstackBANK0  000093
lcd_4bit_send_char_data@data                  cstackBANK0  00008E
lcd_4bit_send_char_data@lcd                   cstackBANK0  00008D
lcd_4bit_send_char_data@ret                   cstackBANK0  00008F
lcd_4bit_send_char_data_pos@column            cstackBANK0  000097
lcd_4bit_send_char_data_pos@data              cstackBANK0  000095
lcd_4bit_send_char_data_pos@lcd               cstackBANK0  000094
lcd_4bit_send_char_data_pos@ret               cstackBANK0  000098
lcd_4bit_send_char_data_pos@row               cstackBANK0  000096
lcd_4bit_send_command@command                 cstackBANK0  00008E
lcd_4bit_send_command@lcd                     cstackBANK0  00008D
lcd_4bit_send_command@ret                     cstackBANK0  00008F
lcd_4bit_send_string_pos@column               cstackBANK0  000098
lcd_4bit_send_string_pos@lcd                  cstackBANK0  000094
lcd_4bit_send_string_pos@ret                  cstackBANK0  000099
lcd_4bit_send_string_pos@row                  cstackBANK0  000097
lcd_4bit_send_string_pos@str                  cstackBANK0  000095
lcd_4bit_set_cursor@column                    cstackBANK0  000092
lcd_4bit_set_cursor@lcd                       cstackBANK0  000090
lcd_4bit_set_cursor@ret                       cstackBANK0  000093
lcd_4bit_set_cursor@row                       cstackBANK0  000091
lcd_send_4bits@data                           cstackBANK0  00008A
lcd_send_4bits@lcd                            cstackBANK0  000089
lcd_send_4bits@ret                            cstackBANK0  00008C
loading_screen@counter1                       cstackBANK0  00009D
loading_screen@counter2                       cstackBANK0  00009C
mcal_initialize@ret                           cstackBANK0  000093
memset@c                                      cstackBANK0  000081
memset@dest                                   cstackBANK0  000080
memset@n                                      cstackBANK0  000083
memset@p                                      cstackBANK0  000085
sprintf@ap                                    cstackBANK0  00009D
sprintf@f                                     cstackBANK0  00009E
sprintf@fmt                                   cstackBANK0  00009A
sprintf@s                                     cstackBANK0  000099
stackhi                                       (abs)        000000
stacklo                                       (abs)        000000
start                                         init         00000E
start_initialization                          cinit        002E22
ttemp5                                        temp         00007E
ttemp6                                        temp         000081
ttemp7                                        temp         000085
vfpfcnvrt@ap                                  cstackBANK0  00008C
vfpfcnvrt@c                                   cstackBANK0  000094
vfpfcnvrt@convarg                             cstackBANK0  000090
vfpfcnvrt@cp                                  cstackBANK0  00008F
vfpfcnvrt@done                                cstackBANK0  00008E
vfpfcnvrt@fmt                                 cstackBANK0  00008B
vfpfcnvrt@fp                                  cstackBANK0  00008A
vfprintf@ap                                   cstackBANK0  000097
vfprintf@cfmt                                 cstackBANK0  000098
vfprintf@fmt                                  cstackBANK0  000096
vfprintf@fp                                   cstackBANK0  000095
wtemp8                                        temp         00007E


MODULE INFORMATION

Module		Function		Class		Link	Load	Size
C:\Program Files\Microchip\xc8\v2.46\pic\sources\c99\common\nf_fputc.c
		_fputc         		CODE           	2884	0000	172

C:\Program Files\Microchip\xc8\v2.46\pic\sources\c99\common\nf_fputc.c estimated size: 172

ECU_Layer/LCD/ecu_lcd.c
		_lcd_4bit_send_command		CODE           	32FE	0000	110
		_lcd_4bit_send_string_pos		CODE           	2724	0000	176
		_lcd_4bit_send_char_data		CODE           	336C	0000	110
		_lcd_send_4bits		CODE           	2BC8	0000	156
		_lcd_4bit_send_char_data_pos		CODE           	36A0	0000	70
		_convert_uint16_to_string		CODE           	2A82	0000	166
		_lcd_4bit_set_cursor		CODE           	2C64	0000	152
		_lcd_4bit_initialize		CODE           	1E98	0000	296
		_lcd_4bit_enable_signal		CODE           	35AC	0000	88

ECU_Layer/LCD/ecu_lcd.c estimated size: 1324

C:\Program Files\Microchip\xc8\v2.46\pic\sources\c99\common\awdiv.c
		___awdiv       		CODE           	2436	0000	198

C:\Program Files\Microchip\xc8\v2.46\pic\sources\c99\common\awdiv.c estimated size: 198

MCAL_Layer/EEPROM/hal_eeprom.c
		_Data_EEPROM_ReadByte		CODE           	3874	0000	56
		_Data_EEPROM_WriteByte		CODE           	372A	0000	68

MCAL_Layer/EEPROM/hal_eeprom.c estimated size: 124

ECU_Layer/Button/ecu_button.c
		_button_initialize		CODE           	3A82	0000	46

ECU_Layer/Button/ecu_button.c estimated size: 46

C:\Program Files\Microchip\xc8\v2.46\pic\sources\c99\common\memset.c
		_memset        		CODE           	3A20	0000	50

C:\Program Files\Microchip\xc8\v2.46\pic\sources\c99\common\memset.c estimated size: 50

C:\Program Files\Microchip\xc8\v2.46\pic\sources\c99\common\doprnt.c
		_vfpfcnvrt     		CODE           	136C	0000	470
		_vfprintf      		CODE           	36E6	0000	68

C:\Program Files\Microchip\xc8\v2.46\pic\sources\c99\common\doprnt.c estimated size: 538

C:\Program Files\Microchip\xc8\v2.46\pic\sources\c99\common\nf_sprintf.c
		_sprintf       		CODE           	38AC	0000	56

C:\Program Files\Microchip\xc8\v2.46\pic\sources\c99\common\nf_sprintf.c estimated size: 56

shared
		i2_lcd_4bit_enable_signal		CODE           	3604	0000	82
		i2_lcd_send_4bits		CODE           	2D90	0000	146
		i2_vfpfcnvrt   		CODE           	1542	0000	460
		i2_abs         		CODE           	39EC	0000	52
		i2_winner      		CODE           	1AEA	0000	322
		i2_putch       		CODE           	3CD0	0000	2
		i2_vfprintf    		CODE           	3834	0000	64
		i2_lcd_4bit_send_char_data		CODE           	343C	0000	98
		i2___awdiv     		CODE           	24FC	0000	196
		i2_lcd_4bit_set_cursor		CODE           	2CFC	0000	148
		i2_lcd_4bit_send_command		CODE           	33DA	0000	98
		__initialization		CODE           	2E22	0000	132
		i2___awmod     		CODE           	27D4	0000	176
		i2_gpio_pin_write_logic		CODE           	2208	0000	284
		i2_display     		CODE           	1C2C	0000	318
		i2_sprintf     		CODE           	39B8	0000	52
		i2_Data_EEPROM_ReadByte		CODE           	3984	0000	52
		i2_convert_uint16_to_string		CODE           	2B28	0000	160
		i2_fputc       		CODE           	2930	0000	170
		i2_memset      		CODE           	3A52	0000	48
		i2_read_eeprom 		CODE           	376E	0000	66
		i2_lcd_4bit_send_string_pos		CODE           	29DA	0000	168

shared estimated size: 3294

C:\Program Files\Microchip\xc8\v2.46\pic\sources\c99\common\putch.c
		_putch         		CODE           	3CCE	0000	2

C:\Program Files\Microchip\xc8\v2.46\pic\sources\c99\common\putch.c estimated size: 2

MCAL_Layer/Interrupt/mcal_external_interrupt.c
		_INT0_SetInterruptHandler		CODE           	3BE4	0000	40
		_interrupt_INTx_pin_init		CODE           	3950	0000	52
		_interrupt_INTx_disable		CODE           	3216	0000	116
		_interrupt_INTx_initialize		CODE           	3128	0000	120
		_INT1_SetInterruptHandler		CODE           	3BBC	0000	40
		_RB4_ISR       		CODE           	30AA	0000	126
		_INT2_SetInterruptHandler		CODE           	3B94	0000	40
		_RB5_ISR       		CODE           	302C	0000	126
		_RB6_ISR       		CODE           	2FAE	0000	126
		_RB7_ISR       		CODE           	2F30	0000	126
		_interrupt_INTx_SetInterruptHandler		CODE           	25C0	0000	178
		_interrupt_INTx_edge_init		CODE           	1D6A	0000	302
		_interrupt_INTx_clear_flag		CODE           	328A	0000	116
		_interrupt_INTx_enable		CODE           	2EB0	0000	128
		_interrupt_RBx_initialize		CODE           	2324	0000	274
		_INT0_ISR      		CODE           	3B3A	0000	46
		_INT1_ISR      		CODE           	3B0C	0000	46
		_INT2_ISR      		CODE           	3ADE	0000	46

MCAL_Layer/Interrupt/mcal_external_interrupt.c estimated size: 2048

ECU_Layer/ecu_init.c
		_ecu_initialize		CODE           	3554	0000	88

ECU_Layer/ecu_init.c estimated size: 88

MCAL_Layer/Interrupt/mcal_interrupt_manager.c
		_InterruptManager		CODE           	0008	0000	764

MCAL_Layer/Interrupt/mcal_interrupt_manager.c estimated size: 764

MCAL_Layer/GPIO/hal_gpio.c
		_gpio_pin_write_logic		CODE           	20E6	0000	290
		_gpio_pin_direction_initialize		CODE           	1FC0	0000	294
		_gpio_pin_initialize		CODE           	31A0	0000	118

MCAL_Layer/GPIO/hal_gpio.c estimated size: 702

MCAL_Layer/mcal_init.c
		_mcal_initialize		CODE           	34FC	0000	88

MCAL_Layer/mcal_init.c estimated size: 88

C:\Program Files\Microchip\xc8\v2.46\pic\sources\c99\common\abs.c
		_abs           		CODE           	391A	0000	54

C:\Program Files\Microchip\xc8\v2.46\pic\sources\c99\common\abs.c estimated size: 54

C:\Program Files\Microchip\xc8\v2.46\pic\sources\c99\common\awmod.c
		___awmod       		CODE           	2672	0000	178

C:\Program Files\Microchip\xc8\v2.46\pic\sources\c99\common\awmod.c estimated size: 178

application.c
		_INT0_APP_ISR  		CODE           	3C84	0000	26
		_RB6_HIGH_APP_ISR		CODE           	3C0C	0000	40
		_INT1_APP_ISR  		CODE           	3C6A	0000	26
		_display       		CODE           	170E	0000	342
		_INT2_APP_ISR  		CODE           	3C9E	0000	26
		_welcome_message		CODE           	349E	0000	94
		_main          		CODE           	38E4	0000	54
		_RB5_LOW_APP_ISR		CODE           	3AB0	0000	46
		_winner        		CODE           	19A8	0000	322
		_loading_screen		CODE           	1864	0000	324
		_read_eeprom   		CODE           	3656	0000	74
		_clear_eeprom  		CODE           	37B0	0000	66
		_store_eeprom  		CODE           	37F2	0000	66
		_RB4_HIGH_APP_ISR		CODE           	3C50	0000	26

application.c estimated size: 1532

